// Jest Snapshot v1, https://goo.gl/fbAQLP

exports[`should render  1`] = `
<header>
  <h1>
    Expensify
  </h1>
  <[object Object]
    activeClassName="is-active"
    to="/"
  >
    DashBoard
  </[object Object]>
  <[object Object]
    activeClassName="is-active"
    to="/create"
  >
    Create Expense
  </[object Object]>
  <[object Object]
    activeClassName="is-active"
    to="/edit"
  >
    Edit Expense
  </[object Object]>
  <[object Object]
    activeClassName="is-active"
    to="help"
  >
    Help
  </[object Object]>
</header>
`;
